// Jest Snapshot v1, https://goo.gl/fbAQLP

exports[`App components should render app 1`] = `
<div
  className="related_artists"
>
  <div
    className="header"
  >
     Related Artists 
  </div>
  loading....
</div>
`;
