// Jest Snapshot v1, https://goo.gl/fbAQLP

exports[`App components should render app 1`] = `
<div
  id="giphy"
>
  <div
    className="chat_header"
  >
    <i
      className="fa fa-comments"
    />
     Giphy Chat
  </div>
  <div
    className="chat_contents"
  >
    <p
      className="message"
    >
      ðŸ˜ž No chat records found!
    </p>
  </div>
  <div
    className="chat_control"
  >
    <form
      onSubmit={[Function]}
    >
      <input
        name="gif"
        onChange={[Function]}
        placeholder="Enter text"
        readOnly={false}
        type="text"
        value=""
      />
      <button
        disabled=""
        type="submit"
      >
        Send
      </button>
    </form>
  </div>
</div>
`;
