// Jest Snapshot v1, https://goo.gl/fbAQLP

exports[`App components should render app 1`] = `
<div
  id="spotify"
>
  <ArtistInfo />
  <RelatedArtists />
</div>
`;
