// Jest Snapshot v1, https://goo.gl/fbAQLP

exports[`App components should render app component 1`] = `
<div>
  <AppRoutes />
</div>
`;
